[ligaciputra138wanderer.com/index.html]
[backblue.gif]
[fade.gif]
[index.html]
[media.fastchecker.us/idnsmedia/is/assets/themes/aaaamq/img/faviconbbba.png]
[media.fastchecker.us/idnsmedia/is/assets/themes/aaaamq/img/apple-touch-icon.png]
[media.fastchecker.us/idnsmedia/is/assets/themes/aaaamq/css/stylebbba.css]
[ligaciputra138wanderer.com/password/reset.html]
[ligaciputra138wanderer.com/contact-us.html]
[ligaciputra138wanderer.com/register.html]
[ligaciputra138wanderer.com/sportsbook.html]
[ligaciputra138wanderer.com/casino.html]
[ligaciputra138wanderer.com/idnpoker.html]
[ligaciputra138wanderer.com/slots.html]
[ligaciputra138wanderer.com/idnlive.html]
[ligaciputra138wanderer.com/tableGames.html]
[ligaciputra138wanderer.com/lottery.html]
[ligaciputra138wanderer.com/promotion.html]
[ligaciputra138wanderer.com/referrals.html]
[ligaciputra138wanderer.com/assets/img/game-slider-holder.webp]
[ligaciputra138wanderer.com/assets/img/game-slider2-holder.webp]
[ligaciputra138wanderer.com/assets/img/balance-loading.gif]
[ligaciputra138wanderer.com/assets/img/loader.gif]
[ligaciputra138wanderer.com/assets/css/fontawesome.all.minbbba.css]
[ligaciputra138wanderer.com/assets/js/modernizr-custombbba.js]
[ligaciputra138wanderer.com/assets/js/jquery-3.3.1.minbbba.js]
[ligaciputra138wanderer.com/assets/js/popper.minbbba.js]
[ligaciputra138wanderer.com/assets/js/bootstrap.minbbba.js]
[ligaciputra138wanderer.com/assets/js/marquee.minbbba.js]
[ligaciputra138wanderer.com/assets/js/owl.carousel.minbbba.js]
[ligaciputra138wanderer.com/assets/js/jquery.lazyloadbbba.js]
[ligaciputra138wanderer.com/assets/js/mainbbba.js]
[ligaciputra138wanderer.com/assets/js/accounting.minbbba.js]
[ligaciputra138wanderer.com/assets/js/bootstrap-progressbar.minbbba.js]
[ligaciputra138wanderer.com/assets/js/jquery.stickybbba.js]
[ligaciputra138wanderer.com/assets/js/plugins/progressbarbbba.js]
[ligaciputra138wanderer.com/index.html]
[media.fastchecker.us/idnsmedia/is/assets/themes/aaaamq/img/bg-main.jpg]
[media.fastchecker.us/idnsmedia/is/assets/themes/aaaamq/img/bg-games.2c.delayed]
[media.fastchecker.us/idnsmedia/is/assets/themes/aaaamq/img/bg-slot.jpg]
[media.fastchecker.us/idnsmedia/is/assets/themes/aaaamq/img/bg-sports.jpg]
[media.fastchecker.us/idnsmedia/is/assets/themes/aaaamq/img/bg-header.jpg]
[media.fastchecker.us/idnsmedia/is/assets/themes/aaaamq/img/logo-big.png]
[media.fastchecker.us/idnsmedia/is/assets/themes/aaaamq/img/gleft_bg.png]
[media.fastchecker.us/idnsmedia/is/assets/themes/aaaamq/img/gright_bg.png]
[media.fastchecker.us/idnsmedia/is/assets/themes/aaaamq/img/subnavbar-bg.jpg]
[media.fastchecker.us/idnsmedia/is/assets/themes/aaaamq/img/bgblack.png]
[media.fastchecker.us/idnsmedia/is/assets/themes/aaaamq/img/icon/ftr-ico.png]
[media.fastchecker.us/idnsmedia/is/assets/themes/aaaamq/css/stylebbba.css]
[ligaciputra138wanderer.com/captcha/flated19.png]
[ligaciputra138wanderer.com/assets/img/icon/icon-refresh.png]
[ligaciputra138wanderer.com/password/reset.html]
[media.fastchecker.us/idnsmedia/is/assets/themes/aaaamq/img/favicon.png]
[media.fastchecker.us/idnsmedia/is/assets/themes/aaaamq/css/style.css]
[ligaciputra138wanderer.com/assets/css/main.css]
[ligaciputra138wanderer.com/assets/js/jquery-3.3.1.min.js]
[media.fastchecker.us/idnsmedia/is/assets/themes/aaaamq/img/logo-popup.png]
[ligaciputra138wanderer.com/assets/img/help-icon/varia_6.png]
[ligaciputra138wanderer.com/assets/img/help-icon/varia_7.png]
[ligaciputra138wanderer.com/contact-us.html]
[ligaciputra138wanderer.com/assets/css/formValidation.min.css]
[ligaciputra138wanderer.com/captcha/flat36fb.png]
[ligaciputra138wanderer.com/assets/js/jquery.mask.min.js]
[cdnjs.cloudflare.com/ajax/libs/es6-shim/0.35.3/es6-shim.min.js]
[ligaciputra138wanderer.com/assets/js/formValidation/FormValidation.min.js]
[ligaciputra138wanderer.com/assets/js/formValidation/Bootstrap.min.js]
[cdnjs.cloudflare.com/ajax/libs/zxcvbn/4.4.2/zxcvbn.js]
[cdnjs.cloudflare.com/ajax/libs/axios/0.27.1/axios.min.js]
[ligaciputra138wanderer.com/register.html]
[ligaciputra138wanderer.com/assets/themes/aaaaaa/img/bg-main.jpg]
[ligaciputra138wanderer.com/assets/img/game-sport-holder.webp]
[ligaciputra138wanderer.com/sportsbook.html]
[ligaciputra138wanderer.com/casino/lobby/roulette.html]
[ligaciputra138wanderer.com/casino/lobby/baccarat.html]
[ligaciputra138wanderer.com/casino/lobby/sicbo.html]
[ligaciputra138wanderer.com/casino/lobby/dragon-tiger.html]
[ligaciputra138wanderer.com/casino/lobby/wheel.html]
[ligaciputra138wanderer.com/casino/lobby/fantan.html]
[ligaciputra138wanderer.com/casino/lobby/blackjack.html]
[ligaciputra138wanderer.com/casino/lobby/special-games.html]
[ligaciputra138wanderer.com/assets/img/game-casino-holder.webp]
[ligaciputra138wanderer.com/assets/img/casino-lobby/evolution-lobbycaba.png]
[ligaciputra138wanderer.com/assets/img/casino-lobby/gameplay-lobbycaba.webp]
[ligaciputra138wanderer.com/assets/img/casino-lobby/playtech-lobbycaba.webp]
[ligaciputra138wanderer.com/assets/img/casino-lobby/hogaming-lobbycaba.webp]
[ligaciputra138wanderer.com/assets/img/casino-lobby/opusgaming-lobbycaba.webp]
[ligaciputra138wanderer.com/assets/img/casino-lobby/entwine-lobbycaba.webp]
[ligaciputra138wanderer.com/assets/img/casino-lobby/ebet-lobbycaba.webp]
[ligaciputra138wanderer.com/assets/img/casino-lobby/sbo-sexy-lobbycaba.webp]
[ligaciputra138wanderer.com/assets/img/casino-lobby/pragmatic-lobbycaba.webp]
[ligaciputra138wanderer.com/assets/img/casino-lobby/sbo-lobbycaba.webp]
[ligaciputra138wanderer.com/assets/img/casino-lobby/sa-lobbycaba.webp]
[ligaciputra138wanderer.com/assets/img/casino-lobby/gdg-lobbycaba.webp]
[ligaciputra138wanderer.com/assets/img/maintenance-icon.webp]
[ligaciputra138wanderer.com/assets/img/maintenance-icon.png]
[ligaciputra138wanderer.com/assets/img/casino-lobby/vivogaming-lobbycaba.webp]
[ligaciputra138wanderer.com/assets/img/casino-lobby/idnlive-lobbycaba.webp]
[ligaciputra138wanderer.com/assets/img/casino-lobby/ogplus-lobbycaba.webp]
[ligaciputra138wanderer.com/assets/img/casino-lobby/iongaming-lobbycaba.webp]
[ligaciputra138wanderer.com/casino.html]
[ligaciputra138wanderer.com/assets/js/lazyload.min.js]
[ligaciputra138wanderer.com/assets/img/game-pokerlobby-holder.webp]
[ligaciputra138wanderer.com/idnpoker.html]
[ligaciputra138wanderer.com/assets/img/icon/provider/idnslotwhite3860.webp]
[ligaciputra138wanderer.com/assets/img/icon/provider/logo-ttg.svg]
[ligaciputra138wanderer.com/assets/img/icon/provider/pragmaticPlay3860.webp]
[ligaciputra138wanderer.com/assets/img/icon/provider/PgLogo.webp]
[ligaciputra138wanderer.com/assets/img/icon/provider/habanero3860.webp]
[ligaciputra138wanderer.com/assets/img/icon/provider/playstar.svg]
[ligaciputra138wanderer.com/assets/img/icon/provider/redtiger.webp]
[ligaciputra138wanderer.com/assets/img/icon/provider/spadegaming.svg]
[ligaciputra138wanderer.com/assets/img/icon/provider/gmw.svg]
[ligaciputra138wanderer.com/assets/img/icon/provider/microgaming3860.webp]
[ligaciputra138wanderer.com/assets/img/icon/provider/gameplay.svg]
[ligaciputra138wanderer.com/assets/img/icon/provider/isoftbet.webp]
[ligaciputra138wanderer.com/assets/img/icon/provider/sa.svg]
[ligaciputra138wanderer.com/assets/img/icon/provider/cq9-2.webp]
[ligaciputra138wanderer.com/assets/img/icon/provider/mannaplay.svg]
[ligaciputra138wanderer.com/assets/img/icon/provider/simpleplay.svg]
[ligaciputra138wanderer.com/assets/img/icon/provider/rtg.svg]
[ligaciputra138wanderer.com/assets/img/icon/provider/netent.svg]
[ligaciputra138wanderer.com/assets/img/icon/provider/btg.svg]
[ligaciputra138wanderer.com/slots/IDNSlot.html]
[ligaciputra138wanderer.com/slots/Pragmatic.html]
[ligaciputra138wanderer.com/slots/PG Soft.html]
[ligaciputra138wanderer.com/slots/Habanero.html]
[ligaciputra138wanderer.com/slots/Microgaming.html]
[ligaciputra138wanderer.com/slots/PlayStar.html]
[ligaciputra138wanderer.com/slots/RNG-REDTIGER (EVO).html]
[ligaciputra138wanderer.com/slots/CQ9.html]
[ligaciputra138wanderer.com/slots/GMW.html]
[ligaciputra138wanderer.com/slots/Pragmatic Slot Mania.html]
[ligaciputra138wanderer.com/slots/NetEnt.html]
[ligaciputra138wanderer.com/slots/TTG.html]
[ligaciputra138wanderer.com/slots/BTG.html]
[ligaciputra138wanderer.com/slots/SpadeGaming.html]
[ligaciputra138wanderer.com/slots/RTG.html]
[ligaciputra138wanderer.com/slots/MannaPlay.html]
[ligaciputra138wanderer.com/slots/SimplePlay.html]
[ligaciputra138wanderer.com/slots/Gameplay.html]
[ligaciputra138wanderer.com/slots/Fishing Game.html]
[ligaciputra138wanderer.com/slots/new.html]
[ligaciputra138wanderer.com/assets/img/game-slot-holder.webp]
[ligaciputra138wanderer.com/assets/img/gameterbaru-icon.webp]
[ligaciputra138wanderer.com/assets/img/slots/backgrounds/slots-bg-popularbbba.webp]
[ligaciputra138wanderer.com/slots.html]
[ligaciputra138wanderer.com/idnlive.html]
[ligaciputra138wanderer.com/tablegames/lobby/videopoker.html]
[ligaciputra138wanderer.com/tablegames/lobby/roulette.html]
[ligaciputra138wanderer.com/tablegames/lobby/baccarat.html]
[ligaciputra138wanderer.com/tablegames/lobby/blackjack.html]
[ligaciputra138wanderer.com/tablegames/lobby/others.html]
[ligaciputra138wanderer.com/tableGames.html]
[ligaciputra138wanderer.com/lottery.html]
[ligaciputra138wanderer.com/assets/img/promotion-holder.webp]
[ligaciputra138wanderer.com/promotion.html]
[ligaciputra138wanderer.com/assets/img/referral-landing-1.png]
[ligaciputra138wanderer.com/referrals.html]
[ligaciputra138wanderer.com/assets/webfonts/fa-brands-400.eot]
[ligaciputra138wanderer.com/assets/webfonts/fa-brands-400d41d.eot]
[ligaciputra138wanderer.com/assets/webfonts/fa-brands-400.woff2]
[ligaciputra138wanderer.com/assets/webfonts/fa-brands-400.woff]
[ligaciputra138wanderer.com/assets/webfonts/fa-brands-400.ttf]
[ligaciputra138wanderer.com/assets/webfonts/fa-brands-400.svg]
[ligaciputra138wanderer.com/assets/webfonts/fa-regular-400.eot]
[ligaciputra138wanderer.com/assets/webfonts/fa-regular-400d41d.eot]
[ligaciputra138wanderer.com/assets/webfonts/fa-regular-400.woff2]
[ligaciputra138wanderer.com/assets/webfonts/fa-regular-400.woff]
[ligaciputra138wanderer.com/assets/webfonts/fa-regular-400.ttf]
[ligaciputra138wanderer.com/assets/webfonts/fa-regular-400.svg]
[ligaciputra138wanderer.com/assets/webfonts/fa-solid-900.eot]
[ligaciputra138wanderer.com/assets/webfonts/fa-solid-900d41d.eot]
[ligaciputra138wanderer.com/assets/webfonts/fa-solid-900.woff2]
[ligaciputra138wanderer.com/assets/webfonts/fa-solid-900.woff]
[ligaciputra138wanderer.com/assets/webfonts/fa-solid-900.ttf]
[ligaciputra138wanderer.com/assets/css/fontawesome.all.minbbba.css]
[media.fastchecker.us/idnsmedia/is/assets/themes/aaaamq/img/bg-games.html]
[media.fastchecker.us/idnsmedia/is/assets/themes/aaaamq/img/bgblack.html]
[media.fastchecker.us/idnsmedia/is/assets/themes/aaaamq/css/style.css]
[ligaciputra138wanderer.com/assets/css/main.css]
[ligaciputra138wanderer.com/assets/css/formValidation.min.css]
[ligaciputra138wanderer.com/assets/webfonts/fa-solid-900.svg]
[ligaciputra138wanderer.com/casino/lobby/roulette.html]
[ligaciputra138wanderer.com/casino/lobby/baccarat.html]
[ligaciputra138wanderer.com/casino/lobby/sicbo.html]
[ligaciputra138wanderer.com/casino/lobby/dragon-tiger.html]
[ligaciputra138wanderer.com/casino/lobby/wheel.html]
[ligaciputra138wanderer.com/casino/lobby/fantan.html]
[ligaciputra138wanderer.com/casino/lobby/blackjack.html]
[ligaciputra138wanderer.com/casino/lobby/special-games.html]
[ligaciputra138wanderer.com/assets/img/icon/provider/logo-ttg.svg]
[ligaciputra138wanderer.com/assets/img/icon/provider/playstar.svg]
[ligaciputra138wanderer.com/assets/img/icon/provider/spadegaming.svg]
[ligaciputra138wanderer.com/assets/img/icon/provider/gmw.svg]
[ligaciputra138wanderer.com/assets/img/icon/provider/gameplay.svg]
[ligaciputra138wanderer.com/assets/img/icon/provider/sa.svg]
[ligaciputra138wanderer.com/assets/img/icon/provider/mannaplay.svg]
[ligaciputra138wanderer.com/assets/img/icon/provider/simpleplay.svg]
[ligaciputra138wanderer.com/assets/img/icon/provider/rtg.svg]
[ligaciputra138wanderer.com/assets/img/icon/provider/netent.svg]
[ligaciputra138wanderer.com/assets/img/icon/provider/btg.svg]
[ligaciputra138wanderer.com/assets/img/slots/backgrounds/slots-bg-pragmaticbbba.webp]
[ligaciputra138wanderer.com/slots/Pragmatic.html]
[ligaciputra138wanderer.com/assets/img/slots/backgrounds/slots-bg-idnslotbbba.webp]
[ligaciputra138wanderer.com/slots/IDNSlot.html]
[ligaciputra138wanderer.com/assets/img/slots/backgrounds/slots-bg-pg softbbba.webp]
[ligaciputra138wanderer.com/slots/PG Soft.html]
[ligaciputra138wanderer.com/assets/img/slots/backgrounds/slots-bg-hbnbbba.webp]
[ligaciputra138wanderer.com/slots/Habanero.html]
[ligaciputra138wanderer.com/assets/img/slots/backgrounds/slots-bg-mgsbbba.webp]
[ligaciputra138wanderer.com/slots/Microgaming.html]
[ligaciputra138wanderer.com/assets/img/slots/backgrounds/slots-bg-playstarbbba.webp]
[ligaciputra138wanderer.com/slots/PlayStar.html]
[ligaciputra138wanderer.com/slots/RNG-REDTIGER (EVO).html]
[ligaciputra138wanderer.com/assets/img/slots/backgrounds/slots-bg-cq9bbba.webp]
[ligaciputra138wanderer.com/slots/CQ9.html]
[ligaciputra138wanderer.com/slots/GMW.html]
[ligaciputra138wanderer.com/slots/Pragmatic Slot Mania.html]
[ligaciputra138wanderer.com/slots/NetEnt.html]
[ligaciputra138wanderer.com/assets/img/slots/backgrounds/slots-bg-ttgbbba.webp]
[ligaciputra138wanderer.com/slots/TTG.html]
[ligaciputra138wanderer.com/slots/BTG.html]
[ligaciputra138wanderer.com/assets/img/slots/backgrounds/slots-bg-spadebbba.webp]
[ligaciputra138wanderer.com/slots/SpadeGaming.html]
[ligaciputra138wanderer.com/assets/img/slots/backgrounds/slots-bg-rtgbbba.webp]
[ligaciputra138wanderer.com/slots/RTG.html]
[ligaciputra138wanderer.com/slots/MannaPlay.html]
[ligaciputra138wanderer.com/assets/img/slots/backgrounds/slots-bg-simpleplaybbba.webp]
[ligaciputra138wanderer.com/slots/SimplePlay.html]
[ligaciputra138wanderer.com/assets/img/slots/backgrounds/slots-bg-gameplaybbba.webp]
[ligaciputra138wanderer.com/slots/Gameplay.html]
[ligaciputra138wanderer.com/assets/img/slots/backgrounds/slots-bg-fishing gamebbba.webp]
[ligaciputra138wanderer.com/slots/Fishing Game.html]
[ligaciputra138wanderer.com/assets/img/slots/backgrounds/slots-bg-newbbba.webp]
[ligaciputra138wanderer.com/slots/new.html]
[ligaciputra138wanderer.com/tablegames/lobby/videopoker.html]
[ligaciputra138wanderer.com/tablegames/lobby/roulette.html]
[ligaciputra138wanderer.com/tablegames/lobby/baccarat.html]
[ligaciputra138wanderer.com/tablegames/lobby/blackjack.html]
[ligaciputra138wanderer.com/tablegames/lobby/others.html]
[ligaciputra138wanderer.com/assets/webfonts/fa-brands-400.svg]
[ligaciputra138wanderer.com/assets/webfonts/fa-regular-400.svg]
[ligaciputra138wanderer.com/assets/webfonts/fa-solid-900.svg]
[ligaciputra138wanderer.com/validate-login.html]
